<?xml version="1.0" encoding="UTF-8"?>
<testsuites name="jest tests" tests="8" failures="0" time="29.502">
  <testsuite name="__tests__\Paid-test.js" errors="0" failures="0" skipped="0" timestamp="2020-06-18T08:09:01" time="17.445" tests="1">
    <testcase classname=" renders correctly" name=" renders correctly" time="1.145">
    </testcase>
  </testsuite>
  <testsuite name="__tests__\ProductSetup-test.js" errors="0" failures="0" skipped="0" timestamp="2020-06-18T08:09:19" time="5.518" tests="1">
    <testcase classname=" renders correctly" name=" renders correctly" time="2.433">
    </testcase>
  </testsuite>
  <testsuite name="__tests__\Popup-test.js" errors="0" failures="0" skipped="0" timestamp="2020-06-18T08:09:25" time="1.351" tests="1">
    <testcase classname=" renders correctly" name=" renders correctly" time="0.525">
    </testcase>
  </testsuite>
  <testsuite name="__tests__\Drop-test.js" errors="0" failures="0" skipped="0" timestamp="2020-06-18T08:09:01" time="25.488" tests="1">
    <testcase classname=" renders correctly" name=" renders correctly" time="0.765">
    </testcase>
  </testsuite>
  <testsuite name="__tests__\All-test.js" errors="0" failures="0" skipped="0" timestamp="2020-06-18T08:09:01" time="26.154" tests="4">
    <testcase classname=" renders correctly" name=" renders correctly" time="0.662">
    </testcase>
    <testcase classname=" renders correctly" name=" renders correctly" time="0.031">
    </testcase>
    <testcase classname=" renders correctly" name=" renders correctly" time="0.011">
    </testcase>
    <testcase classname=" renders correctly" name=" renders correctly" time="0.069">
    </testcase>
  </testsuite>
</testsuites>